TLC2 Version 2.19 of 08 August 2024 (rev: 5a47802)
Warning: Please run the Java VM which executes TLC with a throughput optimized garbage collector by passing the "-XX:+UseParallelGC" property.
(Use the -nowarning option to disable this warning.)
Running breadth-first search Model-Checking with fp 122 and seed 3508261239237876937 with 12 workers on 12 cores with 7940MB heap and 64MB offheap memory [pid: 37494] (Linux 6.17.0-1023-oem amd64, Ubuntu 21.0.10 x86_64, MSBDiskFPSet, DiskStateQueue).
Parsing file /media/aditya/File System 21/rescue-ois/formal/tla/RescueOIS.tla
Parsing file /tmp/Naturals.tla
Parsing file /tmp/FiniteSets.tla
Parsing file /tmp/Sequences.tla
Parsing file /tmp/TLC.tla
Semantic processing of module Naturals
Semantic processing of module Sequences
Semantic processing of module FiniteSets
Semantic processing of module TLC
Semantic processing of module RescueOIS
Starting... (2026-05-25 13:33:35)
Computing initial states...
Computed 2 initial states...
Finished computing initial states: 3 states generated, with 1 of them distinct at 2026-05-25 13:33:35.
Progress(11) at 2026-05-25 13:33:38: 1,104,517 states generated (1,104,517 s/min), 295,707 distinct states found (295,707 ds/min), 156,431 states left on queue.
Model checking completed. No error has been found.
  Estimates of the probability that TLC did not check all reachable states
  because two distinct states had the same fingerprint:
  calculated (optimistic):  val = 1.5E-7
  based on the actual fingerprints:  val = 1.7E-8
4681527 states generated, 681092 distinct states found, 0 states left on queue.
The depth of the complete state graph search is 12.
The average outdegree of the complete state graph is 1 (minimum is 0, the maximum 10 and the 95th percentile is 4).
Finished in 13s at (2026-05-25 13:33:48)
real 13.82
user 114.35
sys 1.95
